// Jest Snapshot v1, https://goo.gl/fbAQLP

exports[`NotFound render initial 1`] = `ShallowWrapper {}`;
