// Jest Snapshot v1, https://goo.gl/fbAQLP

exports[`Header render initial 1`] = `ShallowWrapper {}`;
